2026-07-28 03:48:10: 
2026-07-28 03:48:10: > tla-2024@0.1.0 start
2026-07-28 03:48:10: > next start
2026-07-28 03:48:10: 
2026-07-28 03:48:10:   ▲ Next.js 14.2.3
2026-07-28 03:48:10:   - Local:        http://localhost:3001
2026-07-28 03:48:10: 
2026-07-28 03:48:10:  ✓ Starting...
2026-07-28 03:48:10:  ✓ Ready in 187ms
2026-07-28 03:59:21: 
2026-07-28 03:59:21: > tla-2024@0.1.0 start
2026-07-28 03:59:21: > next start
2026-07-28 03:59:21: 
2026-07-28 03:59:21:   ▲ Next.js 14.2.3
2026-07-28 03:59:21:   - Local:        http://localhost:3001
2026-07-28 03:59:21: 
2026-07-28 03:59:21:  ✓ Starting...
2026-07-28 03:59:21:  ✓ Ready in 211ms
2026-07-28 08:56:23: 
2026-07-28 08:56:23: > tla-2024@0.1.0 start
2026-07-28 08:56:23: > next start
2026-07-28 08:56:23: 
2026-07-28 08:56:23:   ▲ Next.js 14.2.3
2026-07-28 08:56:23:   - Local:        http://localhost:3001
2026-07-28 08:56:23: 
2026-07-28 08:56:23:  ✓ Starting...
2026-07-28 08:56:23:  ✓ Ready in 433ms
2026-07-28 09:18:53: 
2026-07-28 09:18:53: > tla-2024@0.1.0 start
2026-07-28 09:18:53: > next start
2026-07-28 09:18:53: 
2026-07-28 09:18:53:   ▲ Next.js 14.2.3
2026-07-28 09:18:53:   - Local:        http://localhost:3001
2026-07-28 09:18:53: 
2026-07-28 09:18:53:  ✓ Starting...
2026-07-28 09:18:54:  ✓ Ready in 230ms
2026-07-28 12:23:08: 
2026-07-28 12:23:08: > tla-2024@0.1.0 start
2026-07-28 12:23:08: > next start
2026-07-28 12:23:08: 
2026-07-28 12:23:08:   ▲ Next.js 14.2.3
2026-07-28 12:23:08:   - Local:        http://localhost:3001
2026-07-28 12:23:08: 
2026-07-28 12:23:08:  ✓ Starting...
2026-07-28 12:23:08:  ✓ Ready in 272ms
2026-07-29 05:03:06: 
2026-07-29 05:03:06: > tla-2024@0.1.0 start
2026-07-29 05:03:06: > next start
2026-07-29 05:03:06: 
2026-07-29 05:03:06:   ▲ Next.js 14.2.3
2026-07-29 05:03:06:   - Local:        http://localhost:3001
2026-07-29 05:03:06: 
2026-07-29 05:03:06:  ✓ Starting...
2026-07-29 05:03:06:  ✓ Ready in 579ms
2026-07-29 05:03:17: 
2026-07-29 05:03:17: > tla-2024@0.1.0 start
2026-07-29 05:03:17: > next start
2026-07-29 05:03:17: 
2026-07-29 05:03:17:   ▲ Next.js 14.2.3
2026-07-29 05:03:17:   - Local:        http://localhost:3001
2026-07-29 05:03:17: 
2026-07-29 05:03:17:  ✓ Starting...
2026-07-29 05:03:17:  ✓ Ready in 250ms
2026-07-29 05:05:02: 
2026-07-29 05:05:02: > tla-2024@0.1.0 start
2026-07-29 05:05:02: > next start
2026-07-29 05:05:02: 
2026-07-29 05:05:02:   ▲ Next.js 14.2.3
2026-07-29 05:05:02:   - Local:        http://localhost:3001
2026-07-29 05:05:02: 
2026-07-29 05:05:02:  ✓ Starting...
2026-07-29 05:05:03:  ✓ Ready in 273ms
2026-07-29 05:08:18: 
2026-07-29 05:08:18: > tla-2024@0.1.0 start
2026-07-29 05:08:18: > next start
2026-07-29 05:08:18: 
2026-07-29 05:08:18:   ▲ Next.js 14.2.3
2026-07-29 05:08:18:   - Local:        http://localhost:3001
2026-07-29 05:08:18: 
2026-07-29 05:08:18:  ✓ Starting...
2026-07-29 05:08:18:  ✓ Ready in 206ms
